
Testing News Prediction...
Input: This is a secret miracle cure for cancer that the government hiding.
Prediction: FAKE
Confidence: 1.0
Reasons: ["Suspicious keyword detected: 'miracle'", "Suspicious keyword detected: 'secret'", "Suspicious keyword detected: 'government hiding'", 'Fact-check error: 0']
python : Traceback (most recent call 
last):
At line:1 char:1
+ python test_pipeline.py > 
test_output.txt 2>&1
+ ~~~~~~~~~~~~~~~~~~~~~~~~~~~~~~~~~~~~~~
~~~~~~~~
    + CategoryInfo          : NotSpecif 
   ied: (Traceback (most recent call l  
  ast)::String) [], RemoteException
    + FullyQualifiedErrorId : NativeCom 
   mandError
 
  File "D:\trustlens\backend\test_pipeli
ne.py", line 83, in <module>
    test_news(token)
  File "D:\trustlens\backend\test_pipeli
ne.py", line 29, in test_news
    print("\u2705 Rule triggered 
successfully")
  File "C:\Users\hp\AppData\Local\Progra
ms\Python\Python310\lib\encodings\cp1252
.py", line 19, in encode
    return codecs.charmap_encode(input,s
elf.errors,encoding_table)[0]
UnicodeEncodeError: 'charmap' codec 
can't encode character '\u2705' in 
position 0: character maps to 
<undefined>
